// Jest Snapshot v1, https://goo.gl/fbAQLP

exports[`Snapshot Example Test test simple shanpshot 1`] = `
{
  "a": 1,
  "b": 2,
}
`;
